Archive member included to satisfy reference by file (symbol)

/opt/stm32cubeide/plugins/com.st.stm32cube.ide.mcu.externaltools.gnu-tools-for-stm32.12.3.rel1.linux64_1.1.0.202410170702/tools/bin/../lib/gcc/arm-none-eabi/12.3.1/../../../../arm-none-eabi/lib/thumb/v7e-m+fp/hard/libc_nano.a(libc_a-exit.o)
                              /opt/stm32cubeide/plugins/com.st.stm32cube.ide.mcu.externaltools.gnu-tools-for-stm32.12.3.rel1.linux64_1.1.0.202410170702/tools/bin/../lib/gcc/arm-none-eabi/12.3.1/../../../../arm-none-eabi/lib/thumb/v7e-m+fp/hard/crt0.o (exit)
/opt/stm32cubeide/plugins/com.st.stm32cube.ide.mcu.externaltools.gnu-tools-for-stm32.12.3.rel1.linux64_1.1.0.202410170702/tools/bin/../lib/gcc/arm-none-eabi/12.3.1/../../../../arm-none-eabi/lib/thumb/v7e-m+fp/hard/libc_nano.a(libc_a-findfp.o)
                              /opt/stm32cubeide/plugins/com.st.stm32cube.ide.mcu.externaltools.gnu-tools-for-stm32.12.3.rel1.linux64_1.1.0.202410170702/tools/bin/../lib/gcc/arm-none-eabi/12.3.1/../../../../arm-none-eabi/lib/thumb/v7e-m+fp/hard/libc_nano.a(libc_a-exit.o) (__stdio_exit_handler)
/opt/stm32cubeide/plugins/com.st.stm32cube.ide.mcu.externaltools.gnu-tools-for-stm32.12.3.rel1.linux64_1.1.0.202410170702/tools/bin/../lib/gcc/arm-none-eabi/12.3.1/../../../../arm-none-eabi/lib/thumb/v7e-m+fp/hard/libc_nano.a(libc_a-fwalk.o)
                              /opt/stm32cubeide/plugins/com.st.stm32cube.ide.mcu.externaltools.gnu-tools-for-stm32.12.3.rel1.linux64_1.1.0.202410170702/tools/bin/../lib/gcc/arm-none-eabi/12.3.1/../../../../arm-none-eabi/lib/thumb/v7e-m+fp/hard/libc_nano.a(libc_a-findfp.o) (_fwalk_sglue)
/opt/stm32cubeide/plugins/com.st.stm32cube.ide.mcu.externaltools.gnu-tools-for-stm32.12.3.rel1.linux64_1.1.0.202410170702/tools/bin/../lib/gcc/arm-none-eabi/12.3.1/../../../../arm-none-eabi/lib/thumb/v7e-m+fp/hard/libc_nano.a(libc_a-stdio.o)
                              /opt/stm32cubeide/plugins/com.st.stm32cube.ide.mcu.externaltools.gnu-tools-for-stm32.12.3.rel1.linux64_1.1.0.202410170702/tools/bin/../lib/gcc/arm-none-eabi/12.3.1/../../../../arm-none-eabi/lib/thumb/v7e-m+fp/hard/libc_nano.a(libc_a-findfp.o) (__sread)
/opt/stm32cubeide/plugins/com.st.stm32cube.ide.mcu.externaltools.gnu-tools-for-stm32.12.3.rel1.linux64_1.1.0.202410170702/tools/bin/../lib/gcc/arm-none-eabi/12.3.1/../../../../arm-none-eabi/lib/thumb/v7e-m+fp/hard/libc_nano.a(libc_a-memset.o)
                              /opt/stm32cubeide/plugins/com.st.stm32cube.ide.mcu.externaltools.gnu-tools-for-stm32.12.3.rel1.linux64_1.1.0.202410170702/tools/bin/../lib/gcc/arm-none-eabi/12.3.1/../../../../arm-none-eabi/lib/thumb/v7e-m+fp/hard/crt0.o (memset)
/opt/stm32cubeide/plugins/com.st.stm32cube.ide.mcu.externaltools.gnu-tools-for-stm32.12.3.rel1.linux64_1.1.0.202410170702/tools/bin/../lib/gcc/arm-none-eabi/12.3.1/../../../../arm-none-eabi/lib/thumb/v7e-m+fp/hard/libc_nano.a(libc_a-closer.o)
                              /opt/stm32cubeide/plugins/com.st.stm32cube.ide.mcu.externaltools.gnu-tools-for-stm32.12.3.rel1.linux64_1.1.0.202410170702/tools/bin/../lib/gcc/arm-none-eabi/12.3.1/../../../../arm-none-eabi/lib/thumb/v7e-m+fp/hard/libc_nano.a(libc_a-stdio.o) (_close_r)
/opt/stm32cubeide/plugins/com.st.stm32cube.ide.mcu.externaltools.gnu-tools-for-stm32.12.3.rel1.linux64_1.1.0.202410170702/tools/bin/../lib/gcc/arm-none-eabi/12.3.1/../../../../arm-none-eabi/lib/thumb/v7e-m+fp/hard/libc_nano.a(libc_a-reent.o)
                              /opt/stm32cubeide/plugins/com.st.stm32cube.ide.mcu.externaltools.gnu-tools-for-stm32.12.3.rel1.linux64_1.1.0.202410170702/tools/bin/../lib/gcc/arm-none-eabi/12.3.1/../../../../arm-none-eabi/lib/thumb/v7e-m+fp/hard/libc_nano.a(libc_a-closer.o) (errno)
/opt/stm32cubeide/plugins/com.st.stm32cube.ide.mcu.externaltools.gnu-tools-for-stm32.12.3.rel1.linux64_1.1.0.202410170702/tools/bin/../lib/gcc/arm-none-eabi/12.3.1/../../../../arm-none-eabi/lib/thumb/v7e-m+fp/hard/libc_nano.a(libc_a-impure.o)
                              /opt/stm32cubeide/plugins/com.st.stm32cube.ide.mcu.externaltools.gnu-tools-for-stm32.12.3.rel1.linux64_1.1.0.202410170702/tools/bin/../lib/gcc/arm-none-eabi/12.3.1/../../../../arm-none-eabi/lib/thumb/v7e-m+fp/hard/libc_nano.a(libc_a-reent.o) (_impure_ptr)
/opt/stm32cubeide/plugins/com.st.stm32cube.ide.mcu.externaltools.gnu-tools-for-stm32.12.3.rel1.linux64_1.1.0.202410170702/tools/bin/../lib/gcc/arm-none-eabi/12.3.1/../../../../arm-none-eabi/lib/thumb/v7e-m+fp/hard/libc_nano.a(libc_a-lseekr.o)
                              /opt/stm32cubeide/plugins/com.st.stm32cube.ide.mcu.externaltools.gnu-tools-for-stm32.12.3.rel1.linux64_1.1.0.202410170702/tools/bin/../lib/gcc/arm-none-eabi/12.3.1/../../../../arm-none-eabi/lib/thumb/v7e-m+fp/hard/libc_nano.a(libc_a-stdio.o) (_lseek_r)
[...]
Memory Configuration

Name             Origin             Length             Attributes
RAM              0x20000000         0x00020000         xrw
FLASH            0x08000000         0x00080000         xr
*default*        0x00000000         0xffffffff

Linker script and memory map

LOAD /opt/stm32cubeide/plugins/com.st.stm32cube.ide.mcu.externaltools.gnu-tools-for-stm32.12.3.rel1.linux64_1.1.0.202410170702/tools/bin/../lib/gcc/arm-none-eabi/12.3.1/thumb/v7e-m+fp/hard/crti.o
LOAD /opt/stm32cubeide/plugins/com.st.stm32cube.ide.mcu.externaltools.gnu-tools-for-stm32.12.3.rel1.linux64_1.1.0.202410170702/tools/bin/../lib/gcc/arm-none-eabi/12.3.1/thumb/v7e-m+fp/hard/crtbegin.o
LOAD /opt/stm32cubeide/plugins/com.st.stm32cube.ide.mcu.externaltools.gnu-tools-for-stm32.12.3.rel1.linux64_1.1.0.202410170702/tools/bin/../lib/gcc/arm-none-eabi/12.3.1/../../../../arm-none-eabi/lib/thumb/v7e-m+fp/hard/crt0.o
LOAD ./Core/Src/RC522.o
LOAD ./Core/Src/gpio.o
LOAD ./Core/Src/main.o
LOAD ./Core/Src/spi.o
LOAD ./Core/Src/stm32f4xx_hal_msp.o
LOAD ./Core/Src/stm32f4xx_it.o
LOAD ./Core/Src/syscalls.o
LOAD ./Core/Src/sysmem.o
LOAD ./Core/Src/system_stm32f4xx.o
LOAD ./Core/Src/tim.o
LOAD ./Core/Src/usart.o
LOAD ./Core/Startup/startup_stm32f411retx.o
LOAD ./Drivers/STM32F4xx_HAL_Driver/Src/stm32f4xx_hal.o
LOAD ./Drivers/STM32F4xx_HAL_Driver/Src/stm32f4xx_hal_cortex.o
LOAD ./Drivers/STM32F4xx_HAL_Driver/Src/stm32f4xx_hal_dma.o
LOAD ./Drivers/STM32F4xx_HAL_Driver/Src/stm32f4xx_hal_dma_ex.o
LOAD ./Drivers/STM32F4xx_HAL_Driver/Src/stm32f4xx_hal_exti.o
LOAD ./Drivers/STM32F4xx_HAL_Driver/Src/stm32f4xx_hal_flash.o
LOAD ./Drivers/STM32F4xx_HAL_Driver/Src/stm32f4xx_hal_flash_ex.o
LOAD ./Drivers/STM32F4xx_HAL_Driver/Src/stm32f4xx_hal_flash_ramfunc.o
LOAD ./Drivers/STM32F4xx_HAL_Driver/Src/stm32f4xx_hal_gpio.o
LOAD ./Drivers/STM32F4xx_HAL_Driver/Src/stm32f4xx_hal_pwr.o
LOAD ./Drivers/STM32F4xx_HAL_Driver/Src/stm32f4xx_hal_pwr_ex.o
LOAD ./Drivers/STM32F4xx_HAL_Driver/Src/stm32f4xx_hal_rcc.o
LOAD ./Drivers/STM32F4xx_HAL_Driver/Src/stm32f4xx_hal_rcc_ex.o
LOAD ./Drivers/STM32F4xx_HAL_Driver/Src/stm32f4xx_hal_spi.o
LOAD ./Drivers/STM32F4xx_HAL_Driver/Src/stm32f4xx_hal_tim.o
LOAD ./Drivers/STM32F4xx_HAL_Driver/Src/stm32f4xx_hal_tim_ex.o
LOAD ./Drivers/STM32F4xx_HAL_Driver/Src/stm32f4xx_hal_uart.o
START GROUP
LOAD /opt/stm32cubeide/plugins/com.st.stm32cube.ide.mcu.externaltools.gnu-tools-for-stm32.12.3.rel1.linux64_1.1.0.202410170702/tools/bin/../lib/gcc/arm-none-eabi/12.3.1/../../../../arm-none-eabi/lib/thumb/v7e-m+fp/hard/libc_nano.a
LOAD /opt/stm32cubeide/plugins/com.st.stm32cube.ide.mcu.externaltools.gnu-tools-for-stm32.12.3.rel1.linux64_1.1.0.202410170702/tools/bin/../lib/gcc/arm-none-eabi/12.3.1/../../../../arm-none-eabi/lib/thumb/v7e-m+fp/hard/libm.a
END GROUP
START GROUP
LOAD /opt/stm32cubeide/plugins/com.st.stm32cube.ide.mcu.externaltools.gnu-tools-for-stm32.12.3.rel1.linux64_1.1.0.202410170702/tools/bin/../lib/gcc/arm-none-eabi/12.3.1/thumb/v7e-m+fp/hard/libgcc.a
LOAD /opt/stm32cubeide/plugins/com.st.stm32cube.ide.mcu.externaltools.gnu-tools-for-stm32.12.3.rel1.linux64_1.1.0.202410170702/tools/bin/../lib/gcc/arm-none-eabi/12.3.1/../../../../arm-none-eabi/lib/thumb/v7e-m+fp/hard/libc_nano.a
END GROUP
START GROUP
LOAD /opt/stm32cubeide/plugins/com.st.stm32cube.ide.mcu.externaltools.gnu-tools-for-stm32.12.3.rel1.linux64_1.1.0.202410170702/tools/bin/../lib/gcc/arm-none-eabi/12.3.1/thumb/v7e-m+fp/hard/libgcc.a
LOAD /opt/stm32cubeide/plugins/com.st.stm32cube.ide.mcu.externaltools.gnu-tools-for-stm32.12.3.rel1.linux64_1.1.0.202410170702/tools/bin/../lib/gcc/arm-none-eabi/12.3.1/../../../../arm-none-eabi/lib/thumb/v7e-m+fp/hard/libc_nano.a
LOAD /opt/stm32cubeide/plugins/com.st.stm32cube.ide.mcu.externaltools.gnu-tools-for-stm32.12.3.rel1.linux64_1.1.0.202410170702/tools/bin/../lib/gcc/arm-none-eabi/12.3.1/../../../../arm-none-eabi/lib/thumb/v7e-m+fp/hard/libnosys.a
END GROUP
START GROUP
LOAD /opt/stm32cubeide/plugins/com.st.stm32cube.ide.mcu.externaltools.gnu-tools-for-stm32.12.3.rel1.linux64_1.1.0.202410170702/tools/bin/../lib/gcc/arm-none-eabi/12.3.1/thumb/v7e-m+fp/hard/libgcc.a
LOAD /opt/stm32cubeide/plugins/com.st.stm32cube.ide.mcu.externaltools.gnu-tools-for-stm32.12.3.rel1.linux64_1.1.0.202410170702/tools/bin/../lib/gcc/arm-none-eabi/12.3.1/../../../../arm-none-eabi/lib/thumb/v7e-m+fp/hard/libc_nano.a
LOAD /opt/stm32cubeide/plugins/com.st.stm32cube.ide.mcu.externaltools.gnu-tools-for-stm32.12.3.rel1.linux64_1.1.0.202410170702/tools/bin/../lib/gcc/arm-none-eabi/12.3.1/../../../../arm-none-eabi/lib/thumb/v7e-m+fp/hard/libnosys.a
END GROUP
LOAD /opt/stm32cubeide/plugins/com.st.stm32cube.ide.mcu.externaltools.gnu-tools-for-stm32.12.3.rel1.linux64_1.1.0.202410170702/tools/bin/../lib/gcc/arm-none-eabi/12.3.1/thumb/v7e-m+fp/hard/crtend.o
LOAD /opt/stm32cubeide/plugins/com.st.stm32cube.ide.mcu.externaltools.gnu-tools-for-stm32.12.3.rel1.linux64_1.1.0.202410170702/tools/bin/../lib/gcc/arm-none-eabi/12.3.1/thumb/v7e-m+fp/hard/crtn.o
                0x20020000                        _estack = (ORIGIN (RAM) + LENGTH (RAM))
                0x00000200                        _Min_Heap_Size = 0x200
                0x00000400                        _Min_Stack_Size = 0x400

.isr_vector     0x08000000      0x198
                0x08000000                        . = ALIGN (0x4)
 *(.isr_vector)
 .isr_vector    0x08000000      0x198 ./Core/Startup/startup_stm32f411retx.o
                0x08000000                g_pfnVectors
                0x08000198                        . = ALIGN (0x4)

.text           0x08000198     0x34f4
                0x08000198                        . = ALIGN (0x4)
 *(.text)
 .text          0x08000198       0x40 /opt/stm32cubeide/plugins/com.st.stm32cube.ide.mcu.externaltools.gnu-tools-for-stm32.12.3.rel1.linux64_1.1.0.202410170702/tools/bin/../lib/gcc/arm-none-eabi/12.3.1/thumb/v7e-m+fp/hard/crtbegin.o
 .text          0x080001d8       0x30 /opt/stm32cubeide/plugins/com.st.stm32cube.ide.mcu.externaltools.gnu-tools-for-stm32.12.3.rel1.linux64_1.1.0.202410170702/tools/bin/../lib/gcc/arm-none-eabi/12.3.1/thumb/v7e-m+fp/hard/libgcc.a(_aeabi_uldivmod.o)
                0x080001d8                __aeabi_uldivmod
 .text          0x08000208      0x2bc /opt/stm32cubeide/plugins/com.st.stm32cube.ide.mcu.externaltools.gnu-tools-for-stm32.12.3.rel1.linux64_1.1.0.202410170702/tools/bin/../lib/gcc/arm-none-eabi/12.3.1/thumb/v7e-m+fp/hard/libgcc.a(_udivmoddi4.o)
                0x08000208                __udivmoddi4
 .text          0x080004c4        0x4 /opt/stm32cubeide/plugins/com.st.stm32cube.ide.mcu.externaltools.gnu-tools-for-stm32.12.3.rel1.linux64_1.1.0.202410170702/tools/bin/../lib/gcc/arm-none-eabi/12.3.1/thumb/v7e-m+fp/hard/libgcc.a(_dvmd_tls.o)
                0x080004c4                __aeabi_ldiv0
                0x080004c4                __aeabi_idiv0
 *(.text*)
 .text.RC522_SPI_Transfer
                0x080004c8       0x2c ./Core/Src/RC522.o
                0x080004c8                RC522_SPI_Transfer
 .text.Write_MFRC522
                0x080004f4       0x50 ./Core/Src/RC522.o
                0x080004f4                Write_MFRC522
 .text.Read_MFRC522
                0x08000544       0x54 ./Core/Src/RC522.o
                0x08000544                Read_MFRC522
 .text.SetBitMask
                0x08000598       0x36 ./Core/Src/RC522.o
                0x08000598                SetBitMask
 .text.ClearBitMask
                0x080005ce       0x40 ./Core/Src/RC522.o
                0x080005ce                ClearBitMask
 .text.AntennaOn
                0x0800060e       0x16 ./Core/Src/RC522.o
                0x0800060e                AntennaOn
 .text.MFRC522_Reset
                0x08000624       0x10 ./Core/Src/RC522.o
                0x08000624                MFRC522_Reset
 .text.MFRC522_Init
                0x08000634       0x60 ./Core/Src/RC522.o
                0x08000634                MFRC522_Init
 .text.MFRC522_ToCard
                0x08000694      0x192 ./Core/Src/RC522.o
                0x08000694                MFRC522_ToCard
 .text.MFRC522_Request
                0x08000826       0x4a ./Core/Src/RC522.o
                0x08000826                MFRC522_Request
 .text.MFRC522_Anticoll
                0x08000870       0x7a ./Core/Src/RC522.o
                0x08000870                MFRC522_Anticoll
 *fill*         0x080008ea        0x2 
 .text.MX_GPIO_Init
                0x080008ec      0x128 ./Core/Src/gpio.o
                0x080008ec                MX_GPIO_Init
 .text.playTone
                0x08000a14       0x60 ./Core/Src/main.o
                0x08000a14                playTone
 .text.stopTone
                0x08000a74       0x14 ./Core/Src/main.o
                0x08000a74                stopTone
 .text.main     0x08000a88      0x16c ./Core/Src/main.o
                0x08000a88                main
 .text.SystemClock_Config
                0x08000bf4       0xd4 ./Core/Src/main.o
                0x08000bf4                SystemClock_Config
 .text.Error_Handler
                0x08000cc8        0xc ./Core/Src/main.o
                0x08000cc8                Error_Handler
 .text.MX_SPI1_Init
                0x08000cd4       0x6c ./Core/Src/spi.o
                0x08000cd4                MX_SPI1_Init
 .text.HAL_SPI_MspInit
                0x08000d40       0x90 ./Core/Src/spi.o
                0x08000d40                HAL_SPI_MspInit
 .text.HAL_MspInit
                0x08000dd0       0x50 ./Core/Src/stm32f4xx_hal_msp.o
                0x08000dd0                HAL_MspInit
 .text.NMI_Handler
                0x08000e20        0x8 ./Core/Src/stm32f4xx_it.o
                0x08000e20                NMI_Handler
 .text.HardFault_Handler
                0x08000e28        0x8 ./Core/Src/stm32f4xx_it.o
                0x08000e28                HardFault_Handler
 .text.MemManage_Handler
                0x08000e30        0x8 ./Core/Src/stm32f4xx_it.o
                0x08000e30                MemManage_Handler
 .text.BusFault_Handler
                0x08000e38        0x8 ./Core/Src/stm32f4xx_it.o
                0x08000e38                BusFault_Handler
 .text.UsageFault_Handler
                0x08000e40        0x8 ./Core/Src/stm32f4xx_it.o
                0x08000e40                UsageFault_Handler
 .text.SVC_Handler
                0x08000e48        0xe ./Core/Src/stm32f4xx_it.o
                0x08000e48                SVC_Handler
 .text.DebugMon_Handler
                0x08000e56        0xe ./Core/Src/stm32f4xx_it.o
                0x08000e56                DebugMon_Handler
 .text.PendSV_Handler
                0x08000e64        0xe ./Core/Src/stm32f4xx_it.o
                0x08000e64                PendSV_Handler
 .text.SysTick_Handler
                0x08000e72        0xc ./Core/Src/stm32f4xx_it.o
                0x08000e72                SysTick_Handler
 *fill*         0x08000e7e        0x2 
 .text.SystemInit
                0x08000e80       0x24 ./Core/Src/system_stm32f4xx.o
                0x08000e80                SystemInit
 .text.MX_TIM2_Init
                0x08000ea4       0xd8 ./Core/Src/tim.o
                0x08000ea4                MX_TIM2_Init
 .text.HAL_TIM_PWM_MspInit
                0x08000f7c       0x8c ./Core/Src/tim.o
                0x08000f7c                HAL_TIM_PWM_MspInit
 .text.MX_USART2_UART_Init
                0x08001008       0x54 ./Core/Src/usart.o
                0x08001008                MX_USART2_UART_Init
 .text.HAL_UART_MspInit
                0x0800105c       0x90 ./Core/Src/usart.o
                0x0800105c                HAL_UART_MspInit
 .text.Reset_Handler
                0x080010ec       0x50 ./Core/Startup/startup_stm32f411retx.o
                0x080010ec                Reset_Handler
 .text.Default_Handler
                0x0800113c        0x2 ./Core/Startup/startup_stm32f411retx.o
                0x0800113c                RTC_Alarm_IRQHandler
                0x0800113c                EXTI2_IRQHandler
                0x0800113c                SPI4_IRQHandler
                0x0800113c                TIM1_CC_IRQHandler
                0x0800113c                DMA2_Stream5_IRQHandler
                0x0800113c                DMA1_Stream5_IRQHandler
                0x0800113c                PVD_IRQHandler
                0x0800113c                SDIO_IRQHandler
                0x0800113c                TAMP_STAMP_IRQHandler
                0x0800113c                EXTI3_IRQHandler
                0x0800113c                TIM1_UP_TIM10_IRQHandler
                0x0800113c                I2C3_ER_IRQHandler
                0x0800113c                EXTI0_IRQHandler
                0x0800113c                I2C2_EV_IRQHandler
                0x0800113c                DMA1_Stream2_IRQHandler
                0x0800113c                FPU_IRQHandler
                0x0800113c                DMA2_Stream2_IRQHandler
                0x0800113c                SPI1_IRQHandler
                0x0800113c                TIM1_BRK_TIM9_IRQHandler
                0x0800113c                DMA2_Stream3_IRQHandler
                0x0800113c                USART6_IRQHandler
                0x0800113c                DMA2_Stream0_IRQHandler
                0x0800113c                TIM4_IRQHandler
                0x0800113c                I2C1_EV_IRQHandler
                0x0800113c                DMA1_Stream6_IRQHandler
                0x0800113c                DMA1_Stream1_IRQHandler
                0x0800113c                TIM3_IRQHandler
                0x0800113c                RCC_IRQHandler
                0x0800113c                Default_Handler
                0x0800113c                EXTI15_10_IRQHandler
                0x0800113c                ADC_IRQHandler
                0x0800113c                DMA1_Stream7_IRQHandler
                0x0800113c                SPI5_IRQHandler
                0x0800113c                TIM5_IRQHandler
                0x0800113c                DMA2_Stream7_IRQHandler
                0x0800113c                I2C3_EV_IRQHandler
                0x0800113c                EXTI9_5_IRQHandler
                0x0800113c                RTC_WKUP_IRQHandler
                0x0800113c                SPI2_IRQHandler
                0x0800113c                DMA1_Stream0_IRQHandler
                0x0800113c                EXTI4_IRQHandler
                0x0800113c                WWDG_IRQHandler
                0x0800113c                TIM2_IRQHandler
                0x0800113c                OTG_FS_WKUP_IRQHandler
                0x0800113c                TIM1_TRG_COM_TIM11_IRQHandler
                0x0800113c                EXTI1_IRQHandler
                0x0800113c                USART2_IRQHandler
                0x0800113c                I2C2_ER_IRQHandler
                0x0800113c                DMA2_Stream1_IRQHandler
                0x0800113c                FLASH_IRQHandler
                0x0800113c                DMA2_Stream4_IRQHandler
                0x0800113c                USART1_IRQHandler
                0x0800113c                OTG_FS_IRQHandler
                0x0800113c                SPI3_IRQHandler
                0x0800113c                DMA1_Stream4_IRQHandler
                0x0800113c                I2C1_ER_IRQHandler
                0x0800113c                DMA2_Stream6_IRQHandler
                0x0800113c                DMA1_Stream3_IRQHandler
 *fill*         0x0800113e        0x2 
 .text.HAL_Init
                0x08001140       0x44 ./Drivers/STM32F4xx_HAL_Driver/Src/stm32f4xx_hal.o
                0x08001140                HAL_Init
 .text.HAL_InitTick
                0x08001184       0x60 ./Drivers/STM32F4xx_HAL_Driver/Src/stm32f4xx_hal.o
                0x08001184                HAL_InitTick
 .text.HAL_IncTick
                0x080011e4       0x28 ./Drivers/STM32F4xx_HAL_Driver/Src/stm32f4xx_hal.o
                0x080011e4                HAL_IncTick
 .text.HAL_GetTick
                0x0800120c       0x18 ./Drivers/STM32F4xx_HAL_Driver/Src/stm32f4xx_hal.o
                0x0800120c                HAL_GetTick
 .text.HAL_Delay
                0x08001224       0x48 ./Drivers/STM32F4xx_HAL_Driver/Src/stm32f4xx_hal.o
                0x08001224                HAL_Delay
 .text.__NVIC_SetPriorityGrouping
                0x0800126c       0x48 ./Drivers/STM32F4xx_HAL_Driver/Src/stm32f4xx_hal_cortex.o
 .text.__NVIC_GetPriorityGrouping
                0x080012b4       0x1c ./Drivers/STM32F4xx_HAL_Driver/Src/stm32f4xx_hal_cortex.o
 .text.__NVIC_SetPriority
                0x080012d0       0x54 ./Drivers/STM32F4xx_HAL_Driver/Src/stm32f4xx_hal_cortex.o
 .text.NVIC_EncodePriority
                0x08001324       0x66 ./Drivers/STM32F4xx_HAL_Driver/Src/stm32f4xx_hal_cortex.o
 *fill*         0x0800138a        0x2 
 .text.SysTick_Config
                0x0800138c       0x44 ./Drivers/STM32F4xx_HAL_Driver/Src/stm32f4xx_hal_cortex.o
 .text.HAL_NVIC_SetPriorityGrouping
                0x080013d0       0x16 ./Drivers/STM32F4xx_HAL_Driver/Src/stm32f4xx_hal_cortex.o
                0x080013d0                HAL_NVIC_SetPriorityGrouping
 .text.HAL_NVIC_SetPriority
                0x080013e6       0x38 ./Drivers/STM32F4xx_HAL_Driver/Src/stm32f4xx_hal_cortex.o
                0x080013e6                HAL_NVIC_SetPriority
 .text.HAL_SYSTICK_Config
                0x0800141e       0x18 ./Drivers/STM32F4xx_HAL_Driver/Src/stm32f4xx_hal_cortex.o
                0x0800141e                HAL_SYSTICK_Config
 *fill*         0x08001436        0x2 
 .text.HAL_GPIO_Init
                0x08001438      0x308 ./Drivers/STM32F4xx_HAL_Driver/Src/stm32f4xx_hal_gpio.o
                0x08001438                HAL_GPIO_Init
 .text.HAL_GPIO_ReadPin
                0x08001740       0x30 ./Drivers/STM32F4xx_HAL_Driver/Src/stm32f4xx_hal_gpio.o
                0x08001740                HAL_GPIO_ReadPin
 .text.HAL_GPIO_WritePin
                0x08001770       0x32 ./Drivers/STM32F4xx_HAL_Driver/Src/stm32f4xx_hal_gpio.o
                0x08001770                HAL_GPIO_WritePin
 *fill*         0x080017a2        0x2 
 .text.HAL_RCC_OscConfig
                0x080017a4      0x4f0 ./Drivers/STM32F4xx_HAL_Driver/Src/stm32f4xx_hal_rcc.o
                0x080017a4                HAL_RCC_OscConfig
 .text.HAL_RCC_ClockConfig
                0x08001c94      0x1cc ./Drivers/STM32F4xx_HAL_Driver/Src/stm32f4xx_hal_rcc.o
                0x08001c94                HAL_RCC_ClockConfig
 .text.HAL_RCC_GetSysClockFreq
                0x08001e60      0x20c ./Drivers/STM32F4xx_HAL_Driver/Src/stm32f4xx_hal_rcc.o
                0x08001e60                HAL_RCC_GetSysClockFreq
 .text.HAL_RCC_GetHCLKFreq
                0x0800206c       0x18 ./Drivers/STM32F4xx_HAL_Driver/Src/stm32f4xx_hal_rcc.o
                0x0800206c                HAL_RCC_GetHCLKFreq
 .text.HAL_RCC_GetPCLK1Freq
                0x08002084       0x28 ./Drivers/STM32F4xx_HAL_Driver/Src/stm32f4xx_hal_rcc.o
                0x08002084                HAL_RCC_GetPCLK1Freq
 .text.HAL_RCC_GetPCLK2Freq
                0x080020ac       0x28 ./Drivers/STM32F4xx_HAL_Driver/Src/stm32f4xx_hal_rcc.o
                0x080020ac                HAL_RCC_GetPCLK2Freq
 .text.HAL_SPI_Init
                0x080020d4      0x112 ./Drivers/STM32F4xx_HAL_Driver/Src/stm32f4xx_hal_spi.o
                0x080020d4                HAL_SPI_Init
 .text.HAL_SPI_TransmitReceive
                0x080021e6      0x352 ./Drivers/STM32F4xx_HAL_Driver/Src/stm32f4xx_hal_spi.o
                0x080021e6                HAL_SPI_TransmitReceive
 .text.SPI_WaitFlagStateUntilTimeout
                0x08002538      0x110 ./Drivers/STM32F4xx_HAL_Driver/Src/stm32f4xx_hal_spi.o
 .text.SPI_EndRxTxTransaction
                0x08002648       0xa8 ./Drivers/STM32F4xx_HAL_Driver/Src/stm32f4xx_hal_spi.o
 .text.HAL_TIM_PWM_Init
                0x080026f0       0x9e ./Drivers/STM32F4xx_HAL_Driver/Src/stm32f4xx_hal_tim.o
                0x080026f0                HAL_TIM_PWM_Init
 *fill*         0x0800278e        0x2 
 .text.HAL_TIM_PWM_Start
                0x08002790      0x160 ./Drivers/STM32F4xx_HAL_Driver/Src/stm32f4xx_hal_tim.o
                0x08002790                HAL_TIM_PWM_Start
 .text.HAL_TIM_PWM_Stop
                0x080028f0       0xc8 ./Drivers/STM32F4xx_HAL_Driver/Src/stm32f4xx_hal_tim.o
                0x080028f0                HAL_TIM_PWM_Stop
 .text.HAL_TIM_PWM_ConfigChannel
                0x080029b8      0x184 ./Drivers/STM32F4xx_HAL_Driver/Src/stm32f4xx_hal_tim.o
                0x080029b8                HAL_TIM_PWM_ConfigChannel
 .text.TIM_Base_SetConfig
                0x08002b3c      0x118 ./Drivers/STM32F4xx_HAL_Driver/Src/stm32f4xx_hal_tim.o
                0x08002b3c                TIM_Base_SetConfig
 .text.TIM_OC1_SetConfig
                0x08002c54       0xcc ./Drivers/STM32F4xx_HAL_Driver/Src/stm32f4xx_hal_tim.o
 .text.TIM_OC2_SetConfig
                0x08002d20       0xd8 ./Drivers/STM32F4xx_HAL_Driver/Src/stm32f4xx_hal_tim.o
                0x08002d20                TIM_OC2_SetConfig
 .text.TIM_OC3_SetConfig
                0x08002df8       0xd4 ./Drivers/STM32F4xx_HAL_Driver/Src/stm32f4xx_hal_tim.o
 .text.TIM_OC4_SetConfig
                0x08002ecc       0xa0 ./Drivers/STM32F4xx_HAL_Driver/Src/stm32f4xx_hal_tim.o
 .text.TIM_CCxChannelCmd
                0x08002f6c       0x4a ./Drivers/STM32F4xx_HAL_Driver/Src/stm32f4xx_hal_tim.o
                0x08002f6c                TIM_CCxChannelCmd
 *fill*         0x08002fb6        0x2 
 .text.HAL_TIMEx_MasterConfigSynchronization
                0x08002fb8       0xdc ./Drivers/STM32F4xx_HAL_Driver/Src/stm32f4xx_hal_tim_ex.o
                0x08002fb8                HAL_TIMEx_MasterConfigSynchronization
 .text.HAL_UART_Init
                0x08003094       0xa0 ./Drivers/STM32F4xx_HAL_Driver/Src/stm32f4xx_hal_uart.o
                0x08003094                HAL_UART_Init
 .text.UART_SetConfig
                0x08003134      0x4e8 ./Drivers/STM32F4xx_HAL_Driver/Src/stm32f4xx_hal_uart.o
 .text.memset   0x0800361c       0x10 /opt/stm32cubeide/plugins/com.st.stm32cube.ide.mcu.externaltools.gnu-tools-for-stm32.12.3.rel1.linux64_1.1.0.202410170702/tools/bin/../lib/gcc/arm-none-eabi/12.3.1/../../../../arm-none-eabi/lib/thumb/v7e-m+fp/hard/libc_nano.a(libc_a-memset.o)
                0x0800361c                memset
 .text.__libc_init_array
                0x0800362c       0x48 /opt/stm32cubeide/plugins/com.st.stm32cube.ide.mcu.externaltools.gnu-tools-for-stm32.12.3.rel1.linux64_1.1.0.202410170702/tools/bin/../lib/gcc/arm-none-eabi/12.3.1/../../../../arm-none-eabi/lib/thumb/v7e-m+fp/hard/libc_nano.a(libc_a-init.o)
                0x0800362c                __libc_init_array
 *(.glue_7)
 .glue_7        0x08003674        0x0 linker stubs
 *(.glue_7t)
 .glue_7t       0x08003674        0x0 linker stubs
 *(.eh_frame)
 .eh_frame      0x08003674        0x0 /opt/stm32cubeide/plugins/com.st.stm32cube.ide.mcu.externaltools.gnu-tools-for-stm32.12.3.rel1.linux64_1.1.0.202410170702/tools/bin/../lib/gcc/arm-none-eabi/12.3.1/thumb/v7e-m+fp/hard/crtbegin.o
 *(.init)
 .init          0x08003674        0x4 /opt/stm32cubeide/plugins/com.st.stm32cube.ide.mcu.externaltools.gnu-tools-for-stm32.12.3.rel1.linux64_1.1.0.202410170702/tools/bin/../lib/gcc/arm-none-eabi/12.3.1/thumb/v7e-m+fp/hard/crti.o
                0x08003674                _init
 .init          0x08003678        0x8 /opt/stm32cubeide/plugins/com.st.stm32cube.ide.mcu.externaltools.gnu-tools-for-stm32.12.3.rel1.linux64_1.1.0.202410170702/tools/bin/../lib/gcc/arm-none-eabi/12.3.1/thumb/v7e-m+fp/hard/crtn.o
 *(.fini)
 .fini          0x08003680        0x4 /opt/stm32cubeide/plugins/com.st.stm32cube.ide.mcu.externaltools.gnu-tools-for-stm32.12.3.rel1.linux64_1.1.0.202410170702/tools/bin/../lib/gcc/arm-none-eabi/12.3.1/thumb/v7e-m+fp/hard/crti.o
                0x08003680                _fini
 .fini          0x08003684        0x8 /opt/stm32cubeide/plugins/com.st.stm32cube.ide.mcu.externaltools.gnu-tools-for-stm32.12.3.rel1.linux64_1.1.0.202410170702/tools/bin/../lib/gcc/arm-none-eabi/12.3.1/thumb/v7e-m+fp/hard/crtn.o
                0x0800368c                        . = ALIGN (0x4)
                0x0800368c                        _etext = .

.vfp11_veneer   0x0800368c        0x0
 .vfp11_veneer  0x0800368c        0x0 linker stubs

.v4_bx          0x0800368c        0x0
 .v4_bx         0x0800368c        0x0 linker stubs

.iplt           0x0800368c        0x0
 .iplt          0x0800368c        0x0 /opt/stm32cubeide/plugins/com.st.stm32cube.ide.mcu.externaltools.gnu-tools-for-stm32.12.3.rel1.linux64_1.1.0.202410170702/tools/bin/../lib/gcc/arm-none-eabi/12.3.1/thumb/v7e-m+fp/hard/crtbegin.o

.rodata         0x0800368c       0x18
                0x0800368c                        . = ALIGN (0x4)
 *(.rodata)
 *(.rodata*)
 .rodata.AHBPrescTable
                0x0800368c       0x10 ./Core/Src/system_stm32f4xx.o
                0x0800368c                AHBPrescTable
 .rodata.APBPrescTable
                0x0800369c        0x8 ./Core/Src/system_stm32f4xx.o
                0x0800369c                APBPrescTable
                0x080036a4                        . = ALIGN (0x4)

.ARM.extab      0x080036a4        0x0
                0x080036a4                        . = ALIGN (0x4)
 *(.ARM.extab* .gnu.linkonce.armextab.*)
                0x080036a4                        . = ALIGN (0x4)

.ARM            0x080036a4        0x8
                0x080036a4                        . = ALIGN (0x4)
                0x080036a4                        __exidx_start = .
 *(.ARM.exidx*)
 .ARM.exidx     0x080036a4        0x8 /opt/stm32cubeide/plugins/com.st.stm32cube.ide.mcu.externaltools.gnu-tools-for-stm32.12.3.rel1.linux64_1.1.0.202410170702/tools/bin/../lib/gcc/arm-none-eabi/12.3.1/thumb/v7e-m+fp/hard/libgcc.a(_udivmoddi4.o)
                0x080036ac                        __exidx_end = .
                0x080036ac                        . = ALIGN (0x4)

.preinit_array  0x080036ac        0x0
                0x080036ac                        . = ALIGN (0x4)
                0x080036ac                        PROVIDE (__preinit_array_start = .)
 *(.preinit_array*)
                0x080036ac                        PROVIDE (__preinit_array_end = .)
                0x080036ac                        . = ALIGN (0x4)

.init_array     0x080036ac        0x4
                0x080036ac                        . = ALIGN (0x4)
                0x080036ac                        PROVIDE (__init_array_start = .)
 *(SORT_BY_NAME(.init_array.*))
 *(.init_array*)
 .init_array    0x080036ac        0x4 /opt/stm32cubeide/plugins/com.st.stm32cube.ide.mcu.externaltools.gnu-tools-for-stm32.12.3.rel1.linux64_1.1.0.202410170702/tools/bin/../lib/gcc/arm-none-eabi/12.3.1/thumb/v7e-m+fp/hard/crtbegin.o
                0x080036b0                        PROVIDE (__init_array_end = .)
                0x080036b0                        . = ALIGN (0x4)

.fini_array     0x080036b0        0x4
                0x080036b0                        . = ALIGN (0x4)
                [!provide]                        PROVIDE (__fini_array_start = .)
 *(SORT_BY_NAME(.fini_array.*))
 *(.fini_array*)
 .fini_array    0x080036b0        0x4 /opt/stm32cubeide/plugins/com.st.stm32cube.ide.mcu.externaltools.gnu-tools-for-stm32.12.3.rel1.linux64_1.1.0.202410170702/tools/bin/../lib/gcc/arm-none-eabi/12.3.1/thumb/v7e-m+fp/hard/crtbegin.o
                [!provide]                        PROVIDE (__fini_array_end = .)
                0x080036b4                        . = ALIGN (0x4)
                0x080036b4                        _sidata = LOADADDR (.data)

.rel.dyn        0x080036b4        0x0
 .rel.iplt      0x080036b4        0x0 /opt/stm32cubeide/plugins/com.st.stm32cube.ide.mcu.externaltools.gnu-tools-for-stm32.12.3.rel1.linux64_1.1.0.202410170702/tools/bin/../lib/gcc/arm-none-eabi/12.3.1/thumb/v7e-m+fp/hard/crtbegin.o

.data           0x20000000       0x10 load address 0x080036b4
                0x20000000                        . = ALIGN (0x4)
                0x20000000                        _sdata = .
 *(.data)
 *(.data*)
 .data.flag     0x20000000        0x1 ./Core/Src/main.o
                0x20000000                flag
 *fill*         0x20000001        0x3 
 .data.SystemCoreClock
                0x20000004        0x4 ./Core/Src/system_stm32f4xx.o
                0x20000004                SystemCoreClock
 .data.uwTickPrio
                0x20000008        0x4 ./Drivers/STM32F4xx_HAL_Driver/Src/stm32f4xx_hal.o
                0x20000008                uwTickPrio
 .data.uwTickFreq
                0x2000000c        0x1 ./Drivers/STM32F4xx_HAL_Driver/Src/stm32f4xx_hal.o
                0x2000000c                uwTickFreq
 *(.RamFunc)
 *(.RamFunc*)
                0x20000010                        . = ALIGN (0x4)
 *fill*         0x2000000d        0x3 
                0x20000010                        _edata = .

.igot.plt       0x20000010        0x0 load address 0x080036c4
 .igot.plt      0x20000010        0x0 /opt/stm32cubeide/plugins/com.st.stm32cube.ide.mcu.externaltools.gnu-tools-for-stm32.12.3.rel1.linux64_1.1.0.202410170702/tools/bin/../lib/gcc/arm-none-eabi/12.3.1/thumb/v7e-m+fp/hard/crtbegin.o
                0x20000010                        . = ALIGN (0x4)

.bss            0x20000010      0x124 load address 0x080036c4
                0x20000010                        _sbss = .
                0x20000010                        __bss_start__ = _sbss
 *(.bss)
 .bss           0x20000010       0x1c /opt/stm32cubeide/plugins/com.st.stm32cube.ide.mcu.externaltools.gnu-tools-for-stm32.12.3.rel1.linux64_1.1.0.202410170702/tools/bin/../lib/gcc/arm-none-eabi/12.3.1/thumb/v7e-m+fp/hard/crtbegin.o
 *(.bss*)
 .bss.status    0x2000002c        0x1 ./Core/Src/main.o
                0x2000002c                status
 *fill*         0x2000002d        0x3 
 .bss.str       0x20000030       0x10 ./Core/Src/main.o
                0x20000030                str
 .bss.sNum      0x20000040        0x5 ./Core/Src/main.o
                0x20000040                sNum
 *fill*         0x20000045        0x3 
 .bss.hspi1     0x20000048       0x58 ./Core/Src/spi.o
                0x20000048                hspi1
 .bss.htim2     0x200000a0       0x48 ./Core/Src/tim.o
                0x200000a0                htim2
 .bss.huart2    0x200000e8       0x48 ./Core/Src/usart.o
                0x200000e8                huart2
 .bss.uwTick    0x20000130        0x4 ./Drivers/STM32F4xx_HAL_Driver/Src/stm32f4xx_hal.o
                0x20000130                uwTick
 *(COMMON)
                0x20000134                        . = ALIGN (0x4)
                0x20000134                        _ebss = .
                0x20000134                        __bss_end__ = _ebss

._user_heap_stack
                0x20000134      0x604 load address 0x080036c4
                0x20000138                        . = ALIGN (0x8)
 *fill*         0x20000134        0x4 
                [!provide]                        PROVIDE (end = .)
                0x20000138                        PROVIDE (_end = .)
                0x20000338                        . = (. + _Min_Heap_Size)
 *fill*         0x20000138      0x200 
                0x20000738                        . = (. + _Min_Stack_Size)
 *fill*         0x20000338      0x400 
                0x20000738                        . = ALIGN (0x8)

/DISCARD/
 libc.a(*)
 libm.a(*)
 libgcc.a(*)

.ARM.attributes
                0x00000000       0x30
 *(.ARM.attributes)
 .ARM.attributes
                0x00000000       0x22 /opt/stm32cubeide/plugins/com.st.stm32cube.ide.mcu.externaltools.gnu-tools-for-stm32.12.3.rel1.linux64_1.1.0.202410170702/tools/bin/../lib/gcc/arm-none-eabi/12.3.1/thumb/v7e-m+fp/hard/crti.o
 .ARM.attributes
                0x00000022       0x34 /opt/stm32cubeide/plugins/com.st.stm32cube.ide.mcu.externaltools.gnu-tools-for-stm32.12.3.rel1.linux64_1.1.0.202410170702/tools/bin/../lib/gcc/arm-none-eabi/12.3.1/thumb/v7e-m+fp/hard/crtbegin.o
 .ARM.attributes
                0x00000056       0x34 ./Core/Src/RC522.o
 .ARM.attributes
                0x0000008a       0x34 ./Core/Src/gpio.o
 .ARM.attributes
                0x000000be       0x34 ./Core/Src/main.o
 .ARM.attributes
                0x000000f2       0x34 ./Core/Src/spi.o
 .ARM.attributes
                0x00000126       0x34 ./Core/Src/stm32f4xx_hal_msp.o
 .ARM.attributes
                0x0000015a       0x34 ./Core/Src/stm32f4xx_it.o
 .ARM.attributes
                0x0000018e       0x34 ./Core/Src/system_stm32f4xx.o
 .ARM.attributes
                0x000001c2       0x34 ./Core/Src/tim.o
 .ARM.attributes
                0x000001f6       0x34 ./Core/Src/usart.o
 .ARM.attributes
                0x0000022a       0x21 ./Core/Startup/startup_stm32f411retx.o
 .ARM.attributes
                0x0000024b       0x34 ./Drivers/STM32F4xx_HAL_Driver/Src/stm32f4xx_hal.o
 .ARM.attributes
                0x0000027f       0x34 ./Drivers/STM32F4xx_HAL_Driver/Src/stm32f4xx_hal_cortex.o
 .ARM.attributes
                0x000002b3       0x34 ./Drivers/STM32F4xx_HAL_Driver/Src/stm32f4xx_hal_gpio.o
 .ARM.attributes
                0x000002e7       0x34 ./Drivers/STM32F4xx_HAL_Driver/Src/stm32f4xx_hal_rcc.o
 .ARM.attributes
                0x0000031b       0x34 ./Drivers/STM32F4xx_HAL_Driver/Src/stm32f4xx_hal_spi.o
 .ARM.attributes
                0x0000034f       0x34 ./Drivers/STM32F4xx_HAL_Driver/Src/stm32f4xx_hal_tim.o
 .ARM.attributes
                0x00000383       0x34 ./Drivers/STM32F4xx_HAL_Driver/Src/stm32f4xx_hal_tim_ex.o
 .ARM.attributes
                0x000003b7       0x34 ./Drivers/STM32F4xx_HAL_Driver/Src/stm32f4xx_hal_uart.o
 .ARM.attributes
                0x000003eb       0x34 /opt/stm32cubeide/plugins/com.st.stm32cube.ide.mcu.externaltools.gnu-tools-for-stm32.12.3.rel1.linux64_1.1.0.202410170702/tools/bin/../lib/gcc/arm-none-eabi/12.3.1/../../../../arm-none-eabi/lib/thumb/v7e-m+fp/hard/libc_nano.a(libc_a-memset.o)
 .ARM.attributes
                0x0000041f       0x34 /opt/stm32cubeide/plugins/com.st.stm32cube.ide.mcu.externaltools.gnu-tools-for-stm32.12.3.rel1.linux64_1.1.0.202410170702/tools/bin/../lib/gcc/arm-none-eabi/12.3.1/../../../../arm-none-eabi/lib/thumb/v7e-m+fp/hard/libc_nano.a(libc_a-init.o)
 .ARM.attributes
                0x00000453       0x22 /opt/stm32cubeide/plugins/com.st.stm32cube.ide.mcu.externaltools.gnu-tools-for-stm32.12.3.rel1.linux64_1.1.0.202410170702/tools/bin/../lib/gcc/arm-none-eabi/12.3.1/thumb/v7e-m+fp/hard/libgcc.a(_aeabi_uldivmod.o)
 .ARM.attributes
                0x00000475       0x34 /opt/stm32cubeide/plugins/com.st.stm32cube.ide.mcu.externaltools.gnu-tools-for-stm32.12.3.rel1.linux64_1.1.0.202410170702/tools/bin/../lib/gcc/arm-none-eabi/12.3.1/thumb/v7e-m+fp/hard/libgcc.a(_udivmoddi4.o)
 .ARM.attributes
                0x000004a9       0x22 /opt/stm32cubeide/plugins/com.st.stm32cube.ide.mcu.externaltools.gnu-tools-for-stm32.12.3.rel1.linux64_1.1.0.202410170702/tools/bin/../lib/gcc/arm-none-eabi/12.3.1/thumb/v7e-m+fp/hard/libgcc.a(_dvmd_tls.o)
 .ARM.attributes
                0x000004cb       0x22 /opt/stm32cubeide/plugins/com.st.stm32cube.ide.mcu.externaltools.gnu-tools-for-stm32.12.3.rel1.linux64_1.1.0.202410170702/tools/bin/../lib/gcc/arm-none-eabi/12.3.1/thumb/v7e-m+fp/hard/crtn.o
OUTPUT(project.elf elf32-littlearm)
LOAD linker stubs
LOAD /opt/stm32cubeide/plugins/com.st.stm32cube.ide.mcu.externaltools.gnu-tools-for-stm32.12.3.rel1.linux64_1.1.0.202410170702/tools/bin/../lib/gcc/arm-none-eabi/12.3.1/../../../../arm-none-eabi/lib/thumb/v7e-m+fp/hard/libc.a
LOAD /opt/stm32cubeide/plugins/com.st.stm32cube.ide.mcu.externaltools.gnu-tools-for-stm32.12.3.rel1.linux64_1.1.0.202410170702/tools/bin/../lib/gcc/arm-none-eabi/12.3.1/../../../../arm-none-eabi/lib/thumb/v7e-m+fp/hard/libm.a
LOAD /opt/stm32cubeide/plugins/com.st.stm32cube.ide.mcu.externaltools.gnu-tools-for-stm32.12.3.rel1.linux64_1.1.0.202410170702/tools/bin/../lib/gcc/arm-none-eabi/12.3.1/thumb/v7e-m+fp/hard/libgcc.a

.debug_info     0x00000000     0xed92
 .debug_info    0x00000000      0xc51 ./Core/Src/RC522.o
 .debug_info    0x00000c51      0x433 ./Core/Src/gpio.o
 .debug_info    0x00001084      0xd11 ./Core/Src/main.o
 .debug_info    0x00001d95      0x980 ./Core/Src/spi.o
 .debug_info    0x00002715      0x2a4 ./Core/Src/stm32f4xx_hal_msp.o
 .debug_info    0x000029b9      0x112 ./Core/Src/stm32f4xx_it.o
 .debug_info    0x00002acb      0x53e ./Core/Src/system_stm32f4xx.o
 .debug_info    0x00003009      0xb72 ./Core/Src/tim.o
 .debug_info    0x00003b7b      0x94e ./Core/Src/usart.o
 .debug_info    0x000044c9       0x30 ./Core/Startup/startup_stm32f411retx.o
 .debug_info    0x000044f9      0x8c4 ./Drivers/STM32F4xx_HAL_Driver/Src/stm32f4xx_hal.o
 .debug_info    0x00004dbd      0xcfc ./Drivers/STM32F4xx_HAL_Driver/Src/stm32f4xx_hal_cortex.o
 .debug_info    0x00005ab9      0x6f9 ./Drivers/STM32F4xx_HAL_Driver/Src/stm32f4xx_hal_gpio.o
 .debug_info    0x000061b2      0x8f0 ./Drivers/STM32F4xx_HAL_Driver/Src/stm32f4xx_hal_rcc.o
 .debug_info    0x00006aa2     0x1530 ./Drivers/STM32F4xx_HAL_Driver/Src/stm32f4xx_hal_spi.o
 .debug_info    0x00007fd2     0x2996 ./Drivers/STM32F4xx_HAL_Driver/Src/stm32f4xx_hal_tim.o
 .debug_info    0x0000a968     0x14d4 ./Drivers/STM32F4xx_HAL_Driver/Src/stm32f4xx_hal_tim_ex.o
 .debug_info    0x0000be3c     0x2f56 ./Drivers/STM32F4xx_HAL_Driver/Src/stm32f4xx_hal_uart.o

.debug_abbrev   0x00000000     0x23d4
 .debug_abbrev  0x00000000      0x2a3 ./Core/Src/RC522.o
 .debug_abbrev  0x000002a3      0x151 ./Core/Src/gpio.o
 .debug_abbrev  0x000003f4      0x29d ./Core/Src/main.o
 .debug_abbrev  0x00000691      0x1f8 ./Core/Src/spi.o
 .debug_abbrev  0x00000889       0xf4 ./Core/Src/stm32f4xx_hal_msp.o
 .debug_abbrev  0x0000097d       0x73 ./Core/Src/stm32f4xx_it.o
 .debug_abbrev  0x000009f0      0x11a ./Core/Src/system_stm32f4xx.o
 .debug_abbrev  0x00000b0a      0x20b ./Core/Src/tim.o
 .debug_abbrev  0x00000d15      0x1f8 ./Core/Src/usart.o
 .debug_abbrev  0x00000f0d       0x24 ./Core/Startup/startup_stm32f411retx.o
 .debug_abbrev  0x00000f31      0x24b ./Drivers/STM32F4xx_HAL_Driver/Src/stm32f4xx_hal.o
 .debug_abbrev  0x0000117c      0x31d ./Drivers/STM32F4xx_HAL_Driver/Src/stm32f4xx_hal_cortex.o
 .debug_abbrev  0x00001499      0x1d3 ./Drivers/STM32F4xx_HAL_Driver/Src/stm32f4xx_hal_gpio.o
 .debug_abbrev  0x0000166c      0x2b6 ./Drivers/STM32F4xx_HAL_Driver/Src/stm32f4xx_hal_rcc.o
 .debug_abbrev  0x00001922      0x276 ./Drivers/STM32F4xx_HAL_Driver/Src/stm32f4xx_hal_spi.o
 .debug_abbrev  0x00001b98      0x28b ./Drivers/STM32F4xx_HAL_Driver/Src/stm32f4xx_hal_tim.o
 .debug_abbrev  0x00001e23      0x296 ./Drivers/STM32F4xx_HAL_Driver/Src/stm32f4xx_hal_tim_ex.o
 .debug_abbrev  0x000020b9      0x31b ./Drivers/STM32F4xx_HAL_Driver/Src/stm32f4xx_hal_uart.o

.debug_aranges  0x00000000      0xe78
 .debug_aranges
                0x00000000       0xa8 ./Core/Src/RC522.o
 .debug_aranges
                0x000000a8       0x20 ./Core/Src/gpio.o
 .debug_aranges
                0x000000c8       0x40 ./Core/Src/main.o
 .debug_aranges
                0x00000108       0x30 ./Core/Src/spi.o
 .debug_aranges
                0x00000138       0x20 ./Core/Src/stm32f4xx_hal_msp.o
 .debug_aranges
                0x00000158       0x60 ./Core/Src/stm32f4xx_it.o
 .debug_aranges
                0x000001b8       0x28 ./Core/Src/system_stm32f4xx.o
 .debug_aranges
                0x000001e0       0x30 ./Core/Src/tim.o
 .debug_aranges
                0x00000210       0x30 ./Core/Src/usart.o
 .debug_aranges
                0x00000240       0x28 ./Core/Startup/startup_stm32f411retx.o
 .debug_aranges
                0x00000268       0xf0 ./Drivers/STM32F4xx_HAL_Driver/Src/stm32f4xx_hal.o
 .debug_aranges
                0x00000358      0x130 ./Drivers/STM32F4xx_HAL_Driver/Src/stm32f4xx_hal_cortex.o
 .debug_aranges
                0x00000488       0x58 ./Drivers/STM32F4xx_HAL_Driver/Src/stm32f4xx_hal_gpio.o
 .debug_aranges
                0x000004e0       0x88 ./Drivers/STM32F4xx_HAL_Driver/Src/stm32f4xx_hal_rcc.o
 .debug_aranges
                0x00000568      0x1d0 ./Drivers/STM32F4xx_HAL_Driver/Src/stm32f4xx_hal_spi.o
 .debug_aranges
                0x00000738      0x3d0 ./Drivers/STM32F4xx_HAL_Driver/Src/stm32f4xx_hal_tim.o
 .debug_aranges
                0x00000b08      0x168 ./Drivers/STM32F4xx_HAL_Driver/Src/stm32f4xx_hal_tim_ex.o
 .debug_aranges
                0x00000c70      0x208 ./Drivers/STM32F4xx_HAL_Driver/Src/stm32f4xx_hal_uart.o

.debug_rnglists
                0x00000000      0xb47
 .debug_rnglists
                0x00000000       0x7e ./Core/Src/RC522.o
 .debug_rnglists
                0x0000007e       0x14 ./Core/Src/gpio.o
 .debug_rnglists
                0x00000092       0x2d ./Core/Src/main.o
 .debug_rnglists
                0x000000bf       0x20 ./Core/Src/spi.o
 .debug_rnglists
                0x000000df       0x13 ./Core/Src/stm32f4xx_hal_msp.o
 .debug_rnglists
                0x000000f2       0x43 ./Core/Src/stm32f4xx_it.o
 .debug_rnglists
                0x00000135       0x1a ./Core/Src/system_stm32f4xx.o
 .debug_rnglists
                0x0000014f       0x21 ./Core/Src/tim.o
 .debug_rnglists
                0x00000170       0x20 ./Core/Src/usart.o
 .debug_rnglists
                0x00000190       0x19 ./Core/Startup/startup_stm32f411retx.o
 .debug_rnglists
                0x000001a9       0xaf ./Drivers/STM32F4xx_HAL_Driver/Src/stm32f4xx_hal.o
 .debug_rnglists
                0x00000258       0xe0 ./Drivers/STM32F4xx_HAL_Driver/Src/stm32f4xx_hal_cortex.o
 .debug_rnglists
                0x00000338       0x3f ./Drivers/STM32F4xx_HAL_Driver/Src/stm32f4xx_hal_gpio.o
 .debug_rnglists
                0x00000377       0x66 ./Drivers/STM32F4xx_HAL_Driver/Src/stm32f4xx_hal_rcc.o
 .debug_rnglists
                0x000003dd      0x16f ./Drivers/STM32F4xx_HAL_Driver/Src/stm32f4xx_hal_spi.o
 .debug_rnglists
                0x0000054c      0x31a ./Drivers/STM32F4xx_HAL_Driver/Src/stm32f4xx_hal_tim.o
 .debug_rnglists
                0x00000866      0x125 ./Drivers/STM32F4xx_HAL_Driver/Src/stm32f4xx_hal_tim_ex.o
 .debug_rnglists
                0x0000098b      0x1bc ./Drivers/STM32F4xx_HAL_Driver/Src/stm32f4xx_hal_uart.o

.debug_macro    0x00000000    0x17121
 .debug_macro   0x00000000      0x1e1 ./Core/Src/RC522.o
 .debug_macro   0x000001e1      0xab4 ./Core/Src/RC522.o
 .debug_macro   0x00000c95      0x2a1 ./Core/Src/RC522.o
 .debug_macro   0x00000f36       0x2e ./Core/Src/RC522.o
 .debug_macro   0x00000f64       0x28 ./Core/Src/RC522.o
 .debug_macro   0x00000f8c       0x22 ./Core/Src/RC522.o
 .debug_macro   0x00000fae       0x8e ./Core/Src/RC522.o
 .debug_macro   0x0000103c       0x51 ./Core/Src/RC522.o
 .debug_macro   0x0000108d      0x103 ./Core/Src/RC522.o
 .debug_macro   0x00001190       0x6a ./Core/Src/RC522.o
 .debug_macro   0x000011fa      0x1df ./Core/Src/RC522.o
 .debug_macro   0x000013d9       0x1c ./Core/Src/RC522.o
 .debug_macro   0x000013f5       0x22 ./Core/Src/RC522.o
 .debug_macro   0x00001417       0xfb ./Core/Src/RC522.o
 .debug_macro   0x00001512     0x1011 ./Core/Src/RC522.o
 .debug_macro   0x00002523      0x11f ./Core/Src/RC522.o
 .debug_macro   0x00002642     0xb953 ./Core/Src/RC522.o
 .debug_macro   0x0000df95       0x6d ./Core/Src/RC522.o
 .debug_macro   0x0000e002     0x369a ./Core/Src/RC522.o
 .debug_macro   0x0001169c      0x189 ./Core/Src/RC522.o
 .debug_macro   0x00011825       0x5c ./Core/Src/RC522.o
 .debug_macro   0x00011881      0x45c ./Core/Src/RC522.o
 .debug_macro   0x00011cdd      0x9e9 ./Core/Src/RC522.o
 .debug_macro   0x000126c6      0x115 ./Core/Src/RC522.o
 .debug_macro   0x000127db      0x11b ./Core/Src/RC522.o
 .debug_macro   0x000128f6       0xa5 ./Core/Src/RC522.o
 .debug_macro   0x0001299b      0x15f ./Core/Src/RC522.o
 .debug_macro   0x00012afa      0x287 ./Core/Src/RC522.o
 .debug_macro   0x00012d81       0x5f ./Core/Src/RC522.o
 .debug_macro   0x00012de0      0x236 ./Core/Src/RC522.o
 .debug_macro   0x00013016      0x132 ./Core/Src/RC522.o
 .debug_macro   0x00013148      0x264 ./Core/Src/RC522.o
 .debug_macro   0x000133ac       0x2e ./Core/Src/RC522.o
 .debug_macro   0x000133da      0x127 ./Core/Src/RC522.o
 .debug_macro   0x00013501       0x85 ./Core/Src/RC522.o
 .debug_macro   0x00013586       0x89 ./Core/Src/RC522.o
 .debug_macro   0x0001360f      0x225 ./Core/Src/RC522.o
 .debug_macro   0x00013834      0x8ed ./Core/Src/RC522.o
 .debug_macro   0x00014121       0x47 ./Core/Src/RC522.o
 .debug_macro   0x00014168      0x2aa ./Core/Src/RC522.o
 .debug_macro   0x00014412      0x126 ./Core/Src/RC522.o
 .debug_macro   0x00014538      0x23e ./Core/Src/RC522.o
 .debug_macro   0x00014776      0x1f1 ./Core/Src/gpio.o
 .debug_macro   0x00014967       0x34 ./Core/Src/gpio.o
 .debug_macro   0x0001499b      0x31e ./Core/Src/main.o
 .debug_macro   0x00014cb9       0x61 ./Core/Src/main.o
 .debug_macro   0x00014d1a       0x2a ./Core/Src/main.o
 .debug_macro   0x00014d44       0x43 ./Core/Src/main.o
 .debug_macro   0x00014d87       0x34 ./Core/Src/main.o
 .debug_macro   0x00014dbb       0x16 ./Core/Src/main.o
 .debug_macro   0x00014dd1       0x43 ./Core/Src/main.o
 .debug_macro   0x00014e14       0x34 ./Core/Src/main.o
 .debug_macro   0x00014e48       0x10 ./Core/Src/main.o
 .debug_macro   0x00014e58       0x58 ./Core/Src/main.o
 .debug_macro   0x00014eb0       0x8e ./Core/Src/main.o
 .debug_macro   0x00014f3e       0x1c ./Core/Src/main.o
 .debug_macro   0x00014f5a      0x177 ./Core/Src/main.o
 .debug_macro   0x000150d1      0x369 ./Core/Src/main.o
 .debug_macro   0x0001543a       0x10 ./Core/Src/main.o
 .debug_macro   0x0001544a       0x35 ./Core/Src/main.o
 .debug_macro   0x0001547f       0x20 ./Core/Src/main.o
 .debug_macro   0x0001549f       0x1c ./Core/Src/main.o
 .debug_macro   0x000154bb       0x10 ./Core/Src/main.o
 .debug_macro   0x000154cb       0x1c ./Core/Src/main.o
 .debug_macro   0x000154e7       0x16 ./Core/Src/main.o
 .debug_macro   0x000154fd      0x146 ./Core/Src/main.o
 .debug_macro   0x00015643      0x1f1 ./Core/Src/spi.o
 .debug_macro   0x00015834      0x1e7 ./Core/Src/stm32f4xx_hal_msp.o
 .debug_macro   0x00015a1b      0x1f1 ./Core/Src/stm32f4xx_it.o
 .debug_macro   0x00015c0c      0x1d8 ./Core/Src/system_stm32f4xx.o
 .debug_macro   0x00015de4      0x1f1 ./Core/Src/tim.o
 .debug_macro   0x00015fd5      0x1f1 ./Core/Src/usart.o
 .debug_macro   0x000161c6      0x238 ./Drivers/STM32F4xx_HAL_Driver/Src/stm32f4xx_hal.o
 .debug_macro   0x000163fe      0x1d8 ./Drivers/STM32F4xx_HAL_Driver/Src/stm32f4xx_hal_cortex.o
 .debug_macro   0x000165d6      0x1de ./Drivers/STM32F4xx_HAL_Driver/Src/stm32f4xx_hal_gpio.o
 .debug_macro   0x000167b4      0x1fc ./Drivers/STM32F4xx_HAL_Driver/Src/stm32f4xx_hal_rcc.o
 .debug_macro   0x000169b0      0x1e7 ./Drivers/STM32F4xx_HAL_Driver/Src/stm32f4xx_hal_spi.o
 .debug_macro   0x00016b97      0x1d9 ./Drivers/STM32F4xx_HAL_Driver/Src/stm32f4xx_hal_tim.o
 .debug_macro   0x00016d70      0x1d8 ./Drivers/STM32F4xx_HAL_Driver/Src/stm32f4xx_hal_tim_ex.o
 .debug_macro   0x00016f48      0x1d9 ./Drivers/STM32F4xx_HAL_Driver/Src/stm32f4xx_hal_uart.o

.debug_line     0x00000000    0x105ea
 .debug_line    0x00000000      0xb76 ./Core/Src/RC522.o
 .debug_line    0x00000b76      0x6ac ./Core/Src/gpio.o
 .debug_line    0x00001222      0x9a8 ./Core/Src/main.o
 .debug_line    0x00001bca      0x6ec ./Core/Src/spi.o
 .debug_line    0x000022b6      0x67b ./Core/Src/stm32f4xx_hal_msp.o
 .debug_line    0x00002931      0x73d ./Core/Src/stm32f4xx_it.o
 .debug_line    0x0000306e      0x6ff ./Core/Src/system_stm32f4xx.o
 .debug_line    0x0000376d      0x713 ./Core/Src/tim.o
 .debug_line    0x00003e80      0x6e4 ./Core/Src/usart.o
 .debug_line    0x00004564       0x7a ./Core/Startup/startup_stm32f411retx.o
 .debug_line    0x000045de      0x968 ./Drivers/STM32F4xx_HAL_Driver/Src/stm32f4xx_hal.o
 .debug_line    0x00004f46      0xc5a ./Drivers/STM32F4xx_HAL_Driver/Src/stm32f4xx_hal_cortex.o
 .debug_line    0x00005ba0      0xab8 ./Drivers/STM32F4xx_HAL_Driver/Src/stm32f4xx_hal_gpio.o
 .debug_line    0x00006658      0xcf3 ./Drivers/STM32F4xx_HAL_Driver/Src/stm32f4xx_hal_rcc.o
 .debug_line    0x0000734b     0x1c86 ./Drivers/STM32F4xx_HAL_Driver/Src/stm32f4xx_hal_spi.o
 .debug_line    0x00008fd1     0x34e6 ./Drivers/STM32F4xx_HAL_Driver/Src/stm32f4xx_hal_tim.o
 .debug_line    0x0000c4b7     0x18f9 ./Drivers/STM32F4xx_HAL_Driver/Src/stm32f4xx_hal_tim_ex.o
 .debug_line    0x0000ddb0     0x283a ./Drivers/STM32F4xx_HAL_Driver/Src/stm32f4xx_hal_uart.o

.debug_str      0x00000000    0x900e8
 .debug_str     0x00000000    0x88e67 ./Core/Src/RC522.o
                              0x89161 (size before relaxing)
 .debug_str     0x00088e67      0x230 ./Core/Src/gpio.o
                              0x886bd (size before relaxing)
 .debug_str     0x00089097     0x3c34 ./Core/Src/main.o
                              0x8cc16 (size before relaxing)
 .debug_str     0x0008cccb       0x5b ./Core/Src/spi.o
                              0x88b49 (size before relaxing)
 .debug_str     0x0008cd26       0x49 ./Core/Src/stm32f4xx_hal_msp.o
                              0x8860f (size before relaxing)
 .debug_str     0x0008cd6f       0xc9 ./Core/Src/stm32f4xx_it.o
                              0x88566 (size before relaxing)
 .debug_str     0x0008ce38       0xdb ./Core/Src/system_stm32f4xx.o
                              0x885fc (size before relaxing)
 .debug_str     0x0008cf13      0x14a ./Core/Src/tim.o
                              0x88d41 (size before relaxing)
 .debug_str     0x0008d05d      0x1e4 ./Core/Src/usart.o
                              0x88b7a (size before relaxing)
 .debug_str     0x0008d241       0x44 ./Core/Startup/startup_stm32f411retx.o
                                 0x8d (size before relaxing)
 .debug_str     0x0008d285      0x991 ./Drivers/STM32F4xx_HAL_Driver/Src/stm32f4xx_hal.o
                              0x89028 (size before relaxing)
 .debug_str     0x0008dc16      0x392 ./Drivers/STM32F4xx_HAL_Driver/Src/stm32f4xx_hal_cortex.o
                              0x88d92 (size before relaxing)
 .debug_str     0x0008dfa8      0x110 ./Drivers/STM32F4xx_HAL_Driver/Src/stm32f4xx_hal_gpio.o
                              0x88777 (size before relaxing)
 .debug_str     0x0008e0b8      0x233 ./Drivers/STM32F4xx_HAL_Driver/Src/stm32f4xx_hal_rcc.o
                              0x88a30 (size before relaxing)
 .debug_str     0x0008e2eb      0x584 ./Drivers/STM32F4xx_HAL_Driver/Src/stm32f4xx_hal_spi.o
                              0x88ea8 (size before relaxing)
 .debug_str     0x0008e86f      0xdcc ./Drivers/STM32F4xx_HAL_Driver/Src/stm32f4xx_hal_tim.o
                              0x89974 (size before relaxing)
 .debug_str     0x0008f63b      0x493 ./Drivers/STM32F4xx_HAL_Driver/Src/stm32f4xx_hal_tim_ex.o
                              0x89180 (size before relaxing)
 .debug_str     0x0008face      0x61a ./Drivers/STM32F4xx_HAL_Driver/Src/stm32f4xx_hal_uart.o
                              0x88fff (size before relaxing)

.comment        0x00000000       0x43
 .comment       0x00000000       0x43 ./Core/Src/RC522.o
                                 0x44 (size before relaxing)
 .comment       0x00000043       0x44 ./Core/Src/gpio.o
 .comment       0x00000043       0x44 ./Core/Src/main.o
 .comment       0x00000043       0x44 ./Core/Src/spi.o
 .comment       0x00000043       0x44 ./Core/Src/stm32f4xx_hal_msp.o
 .comment       0x00000043       0x44 ./Core/Src/stm32f4xx_it.o
 .comment       0x00000043       0x44 ./Core/Src/system_stm32f4xx.o
 .comment       0x00000043       0x44 ./Core/Src/tim.o
 .comment       0x00000043       0x44 ./Core/Src/usart.o
 .comment       0x00000043       0x44 ./Drivers/STM32F4xx_HAL_Driver/Src/stm32f4xx_hal.o
 .comment       0x00000043       0x44 ./Drivers/STM32F4xx_HAL_Driver/Src/stm32f4xx_hal_cortex.o
 .comment       0x00000043       0x44 ./Drivers/STM32F4xx_HAL_Driver/Src/stm32f4xx_hal_gpio.o
 .comment       0x00000043       0x44 ./Drivers/STM32F4xx_HAL_Driver/Src/stm32f4xx_hal_rcc.o
 .comment       0x00000043       0x44 ./Drivers/STM32F4xx_HAL_Driver/Src/stm32f4xx_hal_spi.o
 .comment       0x00000043       0x44 ./Drivers/STM32F4xx_HAL_Driver/Src/stm32f4xx_hal_tim.o
 .comment       0x00000043       0x44 ./Drivers/STM32F4xx_HAL_Driver/Src/stm32f4xx_hal_tim_ex.o
 .comment       0x00000043       0x44 ./Drivers/STM32F4xx_HAL_Driver/Src/stm32f4xx_hal_uart.o

.debug_frame    0x00000000     0x3c2c
 .debug_frame   0x00000000      0x288 ./Core/Src/RC522.o
 .debug_frame   0x00000288       0x34 ./Core/Src/gpio.o
 .debug_frame   0x000002bc       0xa8 ./Core/Src/main.o
 .debug_frame   0x00000364       0x74 ./Core/Src/spi.o
 .debug_frame   0x000003d8       0x34 ./Core/Src/stm32f4xx_hal_msp.o
 .debug_frame   0x0000040c      0x104 ./Core/Src/stm32f4xx_it.o
 .debug_frame   0x00000510       0x58 ./Core/Src/system_stm32f4xx.o
 .debug_frame   0x00000568       0x7c ./Core/Src/tim.o
 .debug_frame   0x000005e4       0x74 ./Core/Src/usart.o
 .debug_frame   0x00000658      0x374 ./Drivers/STM32F4xx_HAL_Driver/Src/stm32f4xx_hal.o
 .debug_frame   0x000009cc      0x508 ./Drivers/STM32F4xx_HAL_Driver/Src/stm32f4xx_hal_cortex.o
 .debug_frame   0x00000ed4      0x14c ./Drivers/STM32F4xx_HAL_Driver/Src/stm32f4xx_hal_gpio.o
 .debug_frame   0x00001020      0x1f4 ./Drivers/STM32F4xx_HAL_Driver/Src/stm32f4xx_hal_rcc.o
 .debug_frame   0x00001214      0x828 ./Drivers/STM32F4xx_HAL_Driver/Src/stm32f4xx_hal_spi.o
 .debug_frame   0x00001a3c     0x11b8 ./Drivers/STM32F4xx_HAL_Driver/Src/stm32f4xx_hal_tim.o
 .debug_frame   0x00002bf4      0x638 ./Drivers/STM32F4xx_HAL_Driver/Src/stm32f4xx_hal_tim_ex.o
 .debug_frame   0x0000322c      0x954 ./Drivers/STM32F4xx_HAL_Driver/Src/stm32f4xx_hal_uart.o
 .debug_frame   0x00003b80       0x20 /opt/stm32cubeide/plugins/com.st.stm32cube.ide.mcu.externaltools.gnu-tools-for-stm32.12.3.rel1.linux64_1.1.0.202410170702/tools/bin/../lib/gcc/arm-none-eabi/12.3.1/../../../../arm-none-eabi/lib/thumb/v7e-m+fp/hard/libc_nano.a(libc_a-memset.o)
 .debug_frame   0x00003ba0       0x2c /opt/stm32cubeide/plugins/com.st.stm32cube.ide.mcu.externaltools.gnu-tools-for-stm32.12.3.rel1.linux64_1.1.0.202410170702/tools/bin/../lib/gcc/arm-none-eabi/12.3.1/../../../../arm-none-eabi/lib/thumb/v7e-m+fp/hard/libc_nano.a(libc_a-init.o)
 .debug_frame   0x00003bcc       0x2c /opt/stm32cubeide/plugins/com.st.stm32cube.ide.mcu.externaltools.gnu-tools-for-stm32.12.3.rel1.linux64_1.1.0.202410170702/tools/bin/../lib/gcc/arm-none-eabi/12.3.1/thumb/v7e-m+fp/hard/libgcc.a(_aeabi_uldivmod.o)
 .debug_frame   0x00003bf8       0x34 /opt/stm32cubeide/plugins/com.st.stm32cube.ide.mcu.externaltools.gnu-tools-for-stm32.12.3.rel1.linux64_1.1.0.202410170702/tools/bin/../lib/gcc/arm-none-eabi/12.3.1/thumb/v7e-m+fp/hard/libgcc.a(_udivmoddi4.o)

.debug_line_str
                0x00000000       0x71
 .debug_line_str
                0x00000000       0x71 ./Core/Startup/startup_stm32f411retx.o
